###############################################################################
#                                                                             #
# IAR C/C++ Compiler V8.10.1.10194/W32 for 8051         28/Oct/2018  21:38:38 #
# Copyright 2004-2011 IAR Systems AB.                                         #
#                                                                             #
#    Core               =  plain                                              #
#    Code model         =  banked                                             #
#    Data model         =  large                                              #
#    Calling convention =  xdata reentrant                                    #
#    Constant location  =  data_rom                                           #
#    Dptr setup         =  1,16                                               #
#    Source file        =  C:\Users\1314\Desktop\router\ZStack_CC2530\Project #
#                          s\zstack\Samples\SampleApp\Source\SampleApp.c      #
#    Command line       =  -f C:\Users\1314\Desktop\router\ZStack_CC2530\Proj #
#                          ects\zstack\Samples\SampleApp\CC2530DB\..\..\..\To #
#                          ols\CC2530DB\f8wRouter.cfg (-DCPU32MHZ             #
#                          -DROOT=__near_func -DMAC_CFG_APP_PENDING_QUEUE=TRU #
#                          E -DMAC_CFG_TX_DATA_MAX=5 -DMAC_CFG_TX_MAX=8       #
#                          -DMAC_CFG_RX_MAX=5 -DRTR_NWK) -f                   #
#                          C:\Users\1314\Desktop\router\ZStack_CC2530\Project #
#                          s\zstack\Samples\SampleApp\CC2530DB\..\..\..\Tools #
#                          \CC2530DB\f8wConfig.cfg (-DZIGBEEPRO -DSECURE=0    #
#                          -DZG_SECURE_DYNAMIC=0 -DREFLECTOR                  #
#                          -DDEFAULT_CHANLIST=0x00000800                      #
#                          -DZDAPP_CONFIG_PAN_ID=0xFFFF                       #
#                          -DNWK_START_DELAY=100 -DEXTENDED_JOINING_RANDOM_MA #
#                          SK=0x007F -DBEACON_REQUEST_DELAY=100               #
#                          -DBEACON_REQ_DELAY_MASK=0x00FF                     #
#                          -DLINK_STATUS_JITTER_MASK=0x007F                   #
#                          -DROUTE_EXPIRY_TIME=30 -DAPSC_ACK_WAIT_DURATION_PO #
#                          LLED=3000 -DNWK_INDIRECT_MSG_TIMEOUT=7             #
#                          -DMAX_RREQ_ENTRIES=8 -DAPSC_MAX_FRAME_RETRIES=3    #
#                          -DNWK_MAX_DATA_RETRIES=2                           #
#                          -DMAX_POLL_FAILURE_RETRIES=2 -DMAX_BCAST=9         #
#                          -DAPS_MAX_GROUPS=16 -DMAX_RTG_ENTRIES=40           #
#                          -DNWK_MAX_BINDING_ENTRIES=4                        #
#                          -DMAX_BINDING_CLUSTER_IDS=4 "-DDEFAULT_KEY={0x01,  #
#                          0x03, 0x05, 0x07, 0x09, 0x0B, 0x0D, 0x0F, 0x00,    #
#                          0x02, 0x04, 0x06, 0x08, 0x0A, 0x0C, 0x0D}"         #
#                          -DMAC_MAX_FRAME_SIZE=116                           #
#                          -DZDNWKMGR_MIN_TRANSMISSIONS=20 "-DCONST=const     #
#                          __code" -DGENERIC=__generic                        #
#                          -DRFD_RCVC_ALWAYS_ON=FALSE -DPOLL_RATE=1000        #
#                          -DQUEUED_POLL_RATE=100 -DRESPONSE_POLL_RATE=100)   #
#                          -DREJOIN_POLL_RATE=440 C:\Users\1314\Desktop\route #
#                          r\ZStack_CC2530\Projects\zstack\Samples\SampleApp\ #
#                          Source\SampleApp.c -D ZTOOL_P1 -D xMT_TASK -D      #
#                          xMT_SYS_FUNC -D xMT_ZDO_FUNC -D                    #
#                          xLCD_SUPPORTED=DEBUG -lC                           #
#                          C:\Users\1314\Desktop\router\ZStack_CC2530\Project #
#                          s\zstack\Samples\SampleApp\CC2530DB\RouterEB\List\ #
#                           -lA C:\Users\1314\Desktop\router\ZStack_CC2530\Pr #
#                          ojects\zstack\Samples\SampleApp\CC2530DB\RouterEB\ #
#                          List\ --diag_suppress Pe001,Pa010 -o               #
#                          C:\Users\1314\Desktop\router\ZStack_CC2530\Project #
#                          s\zstack\Samples\SampleApp\CC2530DB\RouterEB\Obj\  #
#                          -e --no_code_motion --debug --core=plain           #
#                          --dptr=16,1 --data_model=large                     #
#                          --code_model=banked --calling_convention=xdata_ree #
#                          ntrant --place_constants=data_rom                  #
#                          --nr_virtual_regs 16 -I C:\Users\1314\Desktop\rout #
#                          er\ZStack_CC2530\Projects\zstack\Samples\SampleApp #
#                          \CC2530DB\ -I C:\Users\1314\Desktop\router\ZStack_ #
#                          CC2530\Projects\zstack\Samples\SampleApp\CC2530DB\ #
#                          ..\Source\ -I C:\Users\1314\Desktop\router\ZStack_ #
#                          CC2530\Projects\zstack\Samples\SampleApp\CC2530DB\ #
#                          ..\..\..\ZMain\TI2530DB\ -I                        #
#                          C:\Users\1314\Desktop\router\ZStack_CC2530\Project #
#                          s\zstack\Samples\SampleApp\CC2530DB\..\..\..\..\.. #
#                          \Components\hal\include\ -I                        #
#                          C:\Users\1314\Desktop\router\ZStack_CC2530\Project #
#                          s\zstack\Samples\SampleApp\CC2530DB\..\..\..\..\.. #
#                          \Components\hal\target\CC2530EB\ -I                #
#                          C:\Users\1314\Desktop\router\ZStack_CC2530\Project #
#                          s\zstack\Samples\SampleApp\CC2530DB\..\..\..\..\.. #
#                          \Components\mac\include\ -I                        #
#                          C:\Users\1314\Desktop\router\ZStack_CC2530\Project #
#                          s\zstack\Samples\SampleApp\CC2530DB\..\..\..\..\.. #
#                          \Components\mac\high_level\ -I                     #
#                          C:\Users\1314\Desktop\router\ZStack_CC2530\Project #
#                          s\zstack\Samples\SampleApp\CC2530DB\..\..\..\..\.. #
#                          \Components\mac\low_level\srf04\ -I                #
#                          C:\Users\1314\Desktop\router\ZStack_CC2530\Project #
#                          s\zstack\Samples\SampleApp\CC2530DB\..\..\..\..\.. #
#                          \Components\mac\low_level\srf04\single_chip\ -I    #
#                          C:\Users\1314\Desktop\router\ZStack_CC2530\Project #
#                          s\zstack\Samples\SampleApp\CC2530DB\..\..\..\..\.. #
#                          \Components\mt\ -I C:\Users\1314\Desktop\router\ZS #
#                          tack_CC2530\Projects\zstack\Samples\SampleApp\CC25 #
#                          30DB\..\..\..\..\..\Components\osal\include\ -I    #
#                          C:\Users\1314\Desktop\router\ZStack_CC2530\Project #
#                          s\zstack\Samples\SampleApp\CC2530DB\..\..\..\..\.. #
#                          \Components\services\saddr\ -I                     #
#                          C:\Users\1314\Desktop\router\ZStack_CC2530\Project #
#                          s\zstack\Samples\SampleApp\CC2530DB\..\..\..\..\.. #
#                          \Components\services\sdata\ -I                     #
#                          C:\Users\1314\Desktop\router\ZStack_CC2530\Project #
#                          s\zstack\Samples\SampleApp\CC2530DB\..\..\..\..\.. #
#                          \Components\stack\af\ -I                           #
#                          C:\Users\1314\Desktop\router\ZStack_CC2530\Project #
#                          s\zstack\Samples\SampleApp\CC2530DB\..\..\..\..\.. #
#                          \Components\stack\nwk\ -I                          #
#                          C:\Users\1314\Desktop\router\ZStack_CC2530\Project #
#                          s\zstack\Samples\SampleApp\CC2530DB\..\..\..\..\.. #
#                          \Components\stack\sapi\ -I                         #
#                          C:\Users\1314\Desktop\router\ZStack_CC2530\Project #
#                          s\zstack\Samples\SampleApp\CC2530DB\..\..\..\..\.. #
#                          \Components\stack\sec\ -I                          #
#                          C:\Users\1314\Desktop\router\ZStack_CC2530\Project #
#                          s\zstack\Samples\SampleApp\CC2530DB\..\..\..\..\.. #
#                          \Components\stack\sys\ -I                          #
#                          C:\Users\1314\Desktop\router\ZStack_CC2530\Project #
#                          s\zstack\Samples\SampleApp\CC2530DB\..\..\..\..\.. #
#                          \Components\stack\zdo\ -I                          #
#                          C:\Users\1314\Desktop\router\ZStack_CC2530\Project #
#                          s\zstack\Samples\SampleApp\CC2530DB\..\..\..\..\.. #
#                          \Components\zmac\ -I C:\Users\1314\Desktop\router\ #
#                          ZStack_CC2530\Projects\zstack\Samples\SampleApp\CC #
#                          2530DB\..\..\..\..\..\Components\zmac\f8w\ -Ohz    #
#                          --require_prototypes                               #
#    List file          =  C:\Users\1314\Desktop\router\ZStack_CC2530\Project #
#                          s\zstack\Samples\SampleApp\CC2530DB\RouterEB\List\ #
#                          SampleApp.lst                                      #
#    Object file        =  C:\Users\1314\Desktop\router\ZStack_CC2530\Project #
#                          s\zstack\Samples\SampleApp\CC2530DB\RouterEB\Obj\S #
#                          ampleApp.r51                                       #
#                                                                             #
#                                                                             #
###############################################################################

C:\Users\1314\Desktop\router\ZStack_CC2530\Projects\zstack\Samples\SampleApp\Source\SampleApp.c
      1          #include "OSAL.h"

  /******************************************************************************
                                                                                ^
"C:\Users\1314\Desktop\router\ZStack_CC2530\Components\osal\include\OSAL.h",1  Warning[Pa050]: 
          non-native end of line sequence detected (this diagnostic is only
          issued once)
      2          #include "ZGlobals.h"
      3          #include "AF.h"
      4          #include "aps_groups.h"
      5          #include "ZDApp.h"
      6          
      7          #include "SampleApp.h"
      8          #include "SampleAppHw.h"
      9          
     10          #include "OnBoard.h"

   \                                 In  segment SFR_AN, at 0x80
   \   union <unnamed> volatile __sfr _A_P0
   \                     _A_P0:
   \   000000                DS 1

   \                                 In  segment SFR_AN, at 0x90
   \   union <unnamed> volatile __sfr _A_P1
   \                     _A_P1:
   \   000000                DS 1

   \                                 In  segment SFR_AN, at 0xfd
   \   unsigned char volatile __sfr P0DIR
   \                     P0DIR:
   \   000000                DS 1

   \                                 In  segment SFR_AN, at 0xfe
   \   unsigned char volatile __sfr P1DIR
   \                     P1DIR:
   \   000000                DS 1
     11          
     12          /* HAL */
     13          #include "hal_lcd.h"
     14          #include "hal_led.h"
     15          #include "hal_key.h"
     16          #include "MT_UART.h"
     17          #include "MT.h"
     18          
     19          /*********************************************************************
     20           * MACROS
     21           */
     22          
     23          /*********************************************************************
     24           * CONSTANTS
     25           */
     26          
     27          /*********************************************************************
     28           * TYPEDEFS
     29           */
     30          
     31          /*********************************************************************
     32           * GLOBAL VARIABLES
     33           */
     34          
     35          // This list should be filled with Application specific Cluster IDs.

   \                                 In  segment XDATA_ROM_C, align 1
     36          const cId_t SampleApp_ClusterList[SAMPLEAPP_MAX_CLUSTERS] =
   \                     SampleApp_ClusterList:
   \   000000   0100         DW 1
   \   000002   0200         DW 2
     37          {
     38            SAMPLEAPP_PERIODIC_CLUSTERID,
     39            SAMPLEAPP_FLASH_CLUSTERID
     40          };
     41          

   \                                 In  segment XDATA_ROM_C, align 1
     42          const SimpleDescriptionFormat_t SampleApp_SimpleDesc =
   \                     SampleApp_SimpleDesc:
   \   000000   14           DB 20
   \   000001   080F         DW 3848
   \   000003   0100         DW 1
   \   000005   00           DB 0
   \   000006   02           DB 2
   \   000007   ....         DW SampleApp_ClusterList
   \   000009   02           DB 2
   \   00000A   ....         DW SampleApp_ClusterList
     43          {
     44            SAMPLEAPP_ENDPOINT,              //  int Endpoint;
     45            SAMPLEAPP_PROFID,                //  uint16 AppProfId[2];
     46            SAMPLEAPP_DEVICEID,              //  uint16 AppDeviceId[2];
     47            SAMPLEAPP_DEVICE_VERSION,        //  int   AppDevVer:4;
     48            SAMPLEAPP_FLAGS,                 //  int   AppFlags:4;
     49            SAMPLEAPP_MAX_CLUSTERS,          //  uint8  AppNumInClusters;
     50            (cId_t *)SampleApp_ClusterList,  //  uint8 *pAppInClusterList;
     51            SAMPLEAPP_MAX_CLUSTERS,          //  uint8  AppNumInClusters;
     52            (cId_t *)SampleApp_ClusterList   //  uint8 *pAppInClusterList;
     53          };
     54          
     55          // This is the Endpoint/Interface description.  It is defined here, but
     56          // filled-in in SampleApp_Init().  Another way to go would be to fill
     57          // in the structure here and make it a "const" (in code space).  The
     58          // way it's defined in this sample app it is define in RAM.

   \                                 In  segment XDATA_Z, align 1, keep-with-next
     59          endPointDesc_t SampleApp_epDesc;
   \                     SampleApp_epDesc:
   \   000000                DS 6
   \   000006                REQUIRE __INIT_XDATA_Z
     60          
     61          /*********************************************************************
     62           * EXTERNAL VARIABLES
     63           */
     64          
     65          /*********************************************************************
     66           * EXTERNAL FUNCTIONS
     67           */
     68          
     69          /*********************************************************************
     70           * LOCAL VARIABLES
     71           */

   \                                 In  segment XDATA_Z, align 1, keep-with-next
     72          uint8 SampleApp_TaskID;   // Task ID for internal task/event processing
   \                     SampleApp_TaskID:
   \   000000                DS 1
   \   000001                REQUIRE __INIT_XDATA_Z
     73                                    // This variable will be received when
     74                                    // SampleApp_Init() is called.

   \                                 In  segment XDATA_Z, align 1, keep-with-next
     75          devStates_t SampleApp_NwkState;
   \                     SampleApp_NwkState:
   \   000000                DS 1
   \   000001                REQUIRE __INIT_XDATA_Z
     76          

   \                                 In  segment XDATA_Z, align 1, keep-with-next
     77          uint8 SampleApp_TransID;  // This is the unique message ID (counter)
   \                     SampleApp_TransID:
   \   000000                DS 1
   \   000001                REQUIRE __INIT_XDATA_Z
     78          

   \                                 In  segment XDATA_Z, align 1, keep-with-next
     79          afAddrType_t SampleApp_Periodic_DstAddr;
   \                     SampleApp_Periodic_DstAddr:
   \   000000                DS 12
   \   00000C                REQUIRE __INIT_XDATA_Z

   \                                 In  segment XDATA_Z, align 1, keep-with-next
     80          afAddrType_t SampleApp_Flash_DstAddr;
   \                     SampleApp_Flash_DstAddr:
   \   000000                DS 12
   \   00000C                REQUIRE __INIT_XDATA_Z
     81          

   \                                 In  segment XDATA_Z, align 1, keep-with-next
     82          aps_Group_t SampleApp_Group;
   \                     SampleApp_Group:
   \   000000                DS 18
   \   000012                REQUIRE __INIT_XDATA_Z
     83          

   \                                 In  segment XDATA_Z, align 1, keep-with-next
     84          uint8 SampleAppPeriodicCounter = 0;
   \                     SampleAppPeriodicCounter:
   \   000000                DS 1
   \   000001                REQUIRE __INIT_XDATA_Z

   \                                 In  segment XDATA_Z, align 1, keep-with-next
     85          uint8 SampleAppFlashCounter = 0;
   \                     SampleAppFlashCounter:
   \   000000                DS 1
   \   000001                REQUIRE __INIT_XDATA_Z
     86          
     87          /*********************************************************************
     88           * LOCAL FUNCTIONS
     89           */
     90          void SampleApp_HandleKeys( uint8 shift, uint8 keys );
     91          void SampleApp_MessageMSGCB( afIncomingMSGPacket_t *pckt );
     92          void SampleApp_SendPeriodicMessage( void );
     93          void SampleApp_SendFlashMessage( uint16 flashTime );
     94          void SampleApp_SerialCMD(mtOSALSerialData_t *cmdMsg);
     95          
     96          /*********************************************************************
     97           * NETWORK LAYER CALLBACKS
     98           */
     99          
    100          /*********************************************************************
    101           * PUBLIC FUNCTIONS
    102           */
    103          
    104          /*********************************************************************
    105           * @fn      SampleApp_Init
    106           *
    107           * @brief   Initialization function for the Generic App Task.
    108           *          This is called during initialization and should contain
    109           *          any application specific initialization (ie. hardware
    110           *          initialization/setup, table initialization, power up
    111           *          notificaiton ... ).
    112           *
    113           * @param   task_id - the ID assigned by OSAL.  This ID should be
    114           *                    used to send messages and set timers.
    115           *
    116           * @return  none
    117           */

   \                                 In  segment BANKED_CODE, align 1, keep-with-next
    118          void SampleApp_Init( uint8 task_id )
   \                     SampleApp_Init:
    119          {
   \   000000   74F5         MOV     A,#-0xb
   \   000002   12....       LCALL   ?BANKED_ENTER_XDATA
   \   000005                ; Saved register size: 11
   \   000005                ; Auto size: 0
   \   000005   E9           MOV     A,R1
   \   000006   FE           MOV     R6,A
    120            SampleApp_TaskID = task_id;
   \   000007   90....       MOV     DPTR,#SampleApp_TaskID
   \   00000A   F0           MOVX    @DPTR,A
    121            SampleApp_NwkState = DEV_INIT;
   \   00000B   90....       MOV     DPTR,#SampleApp_NwkState
   \   00000E   7401         MOV     A,#0x1
   \   000010   F0           MOVX    @DPTR,A
    122            SampleApp_TransID = 0;
   \   000011   90....       MOV     DPTR,#SampleApp_TransID
   \   000014   E4           CLR     A
   \   000015   F0           MOVX    @DPTR,A
    123          
    124            /* Initialize the Serial port */
    125            MT_UartInit();
   \   000016                ; Setup parameters for call to function MT_UartInit
   \   000016   12....       LCALL   ??MT_UartInit?relay
    126          
    127            /* Register taskID - Do this after UartInit() because it will reset the taskID */
    128            MT_UartRegisterTaskID(task_id);
   \   000019                ; Setup parameters for call to function MT_UartRegisterTaskID
   \   000019   EE           MOV     A,R6
   \   00001A   F9           MOV     R1,A
   \   00001B   12....       LCALL   ??MT_UartRegisterTaskID?relay
    129            HalUARTWrite(0,"Hello Wrold!\n",13);
   \   00001E                ; Setup parameters for call to function HalUARTWrite
   \   00001E   7C0D         MOV     R4,#0xd
   \   000020   7D00         MOV     R5,#0x0
   \   000022   7A..         MOV     R2,#`?<Constant "Hello Wrold!\\n">` & 0xff
   \   000024   7B..         MOV     R3,#(`?<Constant "Hello Wrold!\\n">` >> 8) & 0xff
   \   000026   7900         MOV     R1,#0x0
   \   000028   12....       LCALL   ??HalUARTWrite?relay
    130          
    131            // Device hardware initialization can be added here or in main() (Zmain.c).
    132            // If the hardware is application specific - add it here.
    133            // If the hardware is other parts of the device add it in main().
    134          
    135           #if defined ( BUILD_ALL_DEVICES )
    136            // The "Demo" target is setup to have BUILD_ALL_DEVICES and HOLD_AUTO_START
    137            // We are looking at a jumper (defined in SampleAppHw.c) to be jumpered
    138            // together - if they are - we will start up a coordinator. Otherwise,
    139            // the device will start as a router.
    140            if ( readCoordinatorJumper() )
    141              zgDeviceLogicalType = ZG_DEVICETYPE_COORDINATOR;
    142            else
    143              zgDeviceLogicalType = ZG_DEVICETYPE_ROUTER;
    144          #endif // BUILD_ALL_DEVICES
    145          
    146          #if defined ( HOLD_AUTO_START )
    147            // HOLD_AUTO_START is a compile option that will surpress ZDApp
    148            //  from starting the device and wait for the application to
    149            //  start the device.
    150            ZDOInitDevice(0);
    151          #endif
    152          
    153            // Setup for the periodic message's destination address
    154            // Broadcast to everyone
    155            SampleApp_Periodic_DstAddr.addrMode = (afAddrMode_t)AddrBroadcast;
   \   00002B   90....       MOV     DPTR,#SampleApp_Periodic_DstAddr + 8
   \   00002E   740F         MOV     A,#0xf
   \   000030   F0           MOVX    @DPTR,A
    156            SampleApp_Periodic_DstAddr.endPoint = SAMPLEAPP_ENDPOINT;
   \   000031   A3           INC     DPTR
   \   000032   7414         MOV     A,#0x14
   \   000034   F0           MOVX    @DPTR,A
    157            SampleApp_Periodic_DstAddr.addr.shortAddr = 0xFFFF;
   \   000035   90....       MOV     DPTR,#SampleApp_Periodic_DstAddr
   \   000038   74FF         MOV     A,#-0x1
   \   00003A   F0           MOVX    @DPTR,A
   \   00003B   A3           INC     DPTR
   \   00003C   F0           MOVX    @DPTR,A
    158          
    159            // Setup for the flash command's destination address - Group 1
    160            SampleApp_Flash_DstAddr.addrMode = (afAddrMode_t)afAddrGroup;
   \   00003D   90....       MOV     DPTR,#SampleApp_Flash_DstAddr + 8
   \   000040   7401         MOV     A,#0x1
   \   000042   F0           MOVX    @DPTR,A
    161            SampleApp_Flash_DstAddr.endPoint = SAMPLEAPP_ENDPOINT;
   \   000043   A3           INC     DPTR
   \   000044   7414         MOV     A,#0x14
   \   000046   F0           MOVX    @DPTR,A
    162            SampleApp_Flash_DstAddr.addr.shortAddr = SAMPLEAPP_FLASH_GROUP;
   \   000047   90....       MOV     DPTR,#SampleApp_Flash_DstAddr
   \   00004A   7401         MOV     A,#0x1
   \   00004C   F0           MOVX    @DPTR,A
   \   00004D   A3           INC     DPTR
   \   00004E   E4           CLR     A
   \   00004F   F0           MOVX    @DPTR,A
    163          
    164            // Fill out the endpoint description.
    165            SampleApp_epDesc.endPoint = SAMPLEAPP_ENDPOINT;
   \   000050   90....       MOV     DPTR,#SampleApp_epDesc
   \   000053   7414         MOV     A,#0x14
   \   000055   F0           MOVX    @DPTR,A
    166            SampleApp_epDesc.task_id = &SampleApp_TaskID;
   \   000056   A3           INC     DPTR
   \   000057   74..         MOV     A,#SampleApp_TaskID & 0xff
   \   000059   F0           MOVX    @DPTR,A
   \   00005A   A3           INC     DPTR
   \   00005B   74..         MOV     A,#(SampleApp_TaskID >> 8) & 0xff
   \   00005D   F0           MOVX    @DPTR,A
    167            SampleApp_epDesc.simpleDesc
    168                      = (SimpleDescriptionFormat_t *)&SampleApp_SimpleDesc;
   \   00005E   A3           INC     DPTR
   \   00005F   74..         MOV     A,#SampleApp_SimpleDesc & 0xff
   \   000061   F0           MOVX    @DPTR,A
   \   000062   A3           INC     DPTR
   \   000063   74..         MOV     A,#(SampleApp_SimpleDesc >> 8) & 0xff
   \   000065   F0           MOVX    @DPTR,A
    169            SampleApp_epDesc.latencyReq = noLatencyReqs;
   \   000066   A3           INC     DPTR
   \   000067   E4           CLR     A
   \   000068   F0           MOVX    @DPTR,A
    170          
    171            // Register the endpoint description with the AF
    172            afRegister( &SampleApp_epDesc );
   \   000069                ; Setup parameters for call to function afRegister
   \   000069   7A..         MOV     R2,#SampleApp_epDesc & 0xff
   \   00006B   7B..         MOV     R3,#(SampleApp_epDesc >> 8) & 0xff
   \   00006D   12....       LCALL   ??afRegister?relay
    173          
    174            // Register for all key events - This app will handle all key events
    175            RegisterForKeys( SampleApp_TaskID );
   \   000070                ; Setup parameters for call to function RegisterForKeys
   \   000070   90....       MOV     DPTR,#SampleApp_TaskID
   \   000073   E0           MOVX    A,@DPTR
   \   000074   F9           MOV     R1,A
   \   000075   12....       LCALL   ??RegisterForKeys?relay
    176          
    177            // By default, all devices start out in Group 1
    178            SampleApp_Group.ID = 0x0001;
   \   000078   90....       MOV     DPTR,#SampleApp_Group
   \   00007B   7401         MOV     A,#0x1
   \   00007D   F0           MOVX    @DPTR,A
   \   00007E   A3           INC     DPTR
   \   00007F   E4           CLR     A
   \   000080   F0           MOVX    @DPTR,A
    179            osal_memcpy( SampleApp_Group.name, "Group 1", 7  );
   \   000081                ; Setup parameters for call to function osal_memcpy
   \   000081   75....       MOV     ?V0 + 0,#`?<Constant "Group 1">` & 0xff
   \   000084   75....       MOV     ?V0 + 1,#(`?<Constant "Group 1">` >> 8) & 0xff
   \   000087   F5..         MOV     ?V0 + 2,A
   \   000089   78..         MOV     R0,#?V0 + 0
   \   00008B   12....       LCALL   ?PUSH_XSTACK_I_THREE
   \   00008E   7C07         MOV     R4,#0x7
   \   000090   7D00         MOV     R5,#0x0
   \   000092   7A..         MOV     R2,#(SampleApp_Group + 2) & 0xff
   \   000094   7B..         MOV     R3,#((SampleApp_Group + 2) >> 8) & 0xff
   \   000096   12....       LCALL   ??osal_memcpy?relay
   \   000099   7403         MOV     A,#0x3
   \   00009B   12....       LCALL   ?DEALLOC_XSTACK8
    180            aps_AddGroup( SAMPLEAPP_ENDPOINT, &SampleApp_Group );
   \   00009E                ; Setup parameters for call to function aps_AddGroup
   \   00009E   7A..         MOV     R2,#SampleApp_Group & 0xff
   \   0000A0   7B..         MOV     R3,#(SampleApp_Group >> 8) & 0xff
   \   0000A2   7914         MOV     R1,#0x14
   \   0000A4   12....       LCALL   ??aps_AddGroup?relay
    181          
    182          #if defined ( LCD_SUPPORTED )
    183            HalLcdWriteString( "SampleApp", HAL_LCD_LINE_1 );
    184          #endif
    185          }
   \   0000A7   7F03         MOV     R7,#0x3
   \   0000A9   02....       LJMP    ?BANKED_LEAVE_XDATA
    186          
    187          /*********************************************************************
    188           * @fn      SampleApp_ProcessEvent
    189           *
    190           * @brief   Generic Application Task event processor.  This function
    191           *          is called to process all events for the task.  Events
    192           *          include timers, messages and any other user defined events.
    193           *
    194           * @param   task_id  - The OSAL assigned task ID.
    195           * @param   events - events to process.  This is a bit map and can
    196           *                   contain more than one event.
    197           *
    198           * @return  none
    199           */

   \                                 In  segment BANKED_CODE, align 1, keep-with-next
    200          uint16 SampleApp_ProcessEvent( uint8 task_id, uint16 events )
   \                     SampleApp_ProcessEvent:
    201          {
   \   000000   74F4         MOV     A,#-0xc
   \   000002   12....       LCALL   ?BANKED_ENTER_XDATA
   \   000005                ; Saved register size: 12
   \   000005                ; Auto size: 0
   \   000005   EA           MOV     A,R2
   \   000006   FE           MOV     R6,A
   \   000007   EB           MOV     A,R3
   \   000008   FF           MOV     R7,A
    202            afIncomingMSGPacket_t *MSGpkt;
    203            (void)task_id;  // Intentionally unreferenced parameter
    204          
    205            if ( events & SYS_EVENT_MSG )
   \   000009   5480         ANL     A,#0x80
   \   00000B   6067         JZ      ??SampleApp_ProcessEvent_0
    206            {
    207              MSGpkt = (afIncomingMSGPacket_t *)osal_msg_receive( SampleApp_TaskID );
   \   00000D                ; Setup parameters for call to function osal_msg_receive
   \   00000D   800E         SJMP    ??SampleApp_ProcessEvent_1
    208              while ( MSGpkt )
    209              {
    210                switch ( MSGpkt->hdr.event )
    211                {
    212                  // Received when a key is pressed
    213                  case KEY_CHANGE:
    214                    SampleApp_HandleKeys( ((keyChange_t *)MSGpkt)->state, ((keyChange_t *)MSGpkt)->keys );
    215                    break;
    216          
    217                  // Received when a messages is received (OTA) for this endpoint
    218                  case AF_INCOMING_MSG_CMD:
    219                    SampleApp_MessageMSGCB( MSGpkt );
    220                    break;
    221          
    222                  // Received whenever the device changes state in the network
    223                  case ZDO_STATE_CHANGE:
    224                    SampleApp_NwkState = (devStates_t)(MSGpkt->hdr.status);
    225                    if ((SampleApp_NwkState == DEV_ROUTER))
    226                    {
    227                      // Start sending the periodic message in a regular interval.
    228                       //HalLedBlink(HAL_LED_ALL,3,50,1000);
    229                       //osal_start_timerEx(SampleApp_TaskID,Definition_Event_1,3000);
    230                      //osal_start_timerEx( SampleApp_TaskID,SAMPLEAPP_SEND_PERIODIC_MSG_EVT,SAMPLEAPP_SEND_PERIODIC_MSG_TIMEOUT );
    231                    }
    232                    else
    233                    {
    234                      // Device is no longer in the network
    235                    }
    236                    break;
    237          
    238                    case CMD_SERIAL_MSG:
    239                       SampleApp_SerialCMD((mtOSALSerialData_t *)MSGpkt);
   \                     ??SampleApp_ProcessEvent_2:
   \   00000F                ; Setup parameters for call to function SampleApp_SerialCMD
   \   00000F   AA..         MOV     R2,?V0 + 0
   \   000011   AB..         MOV     R3,?V0 + 1
   \   000013   12....       LCALL   ??SampleApp_SerialCMD?relay
    240                       break;
    241          
    242                  default:
    243                    break;
    244                }
    245          
    246                // Release the memory
    247                osal_msg_deallocate( (uint8 *)MSGpkt );
   \                     ??SampleApp_ProcessEvent_3:
   \   000016                ; Setup parameters for call to function osal_msg_deallocate
   \   000016   AA..         MOV     R2,?V0 + 0
   \   000018   AB..         MOV     R3,?V0 + 1
   \   00001A   12....       LCALL   ??osal_msg_deallocate?relay
    248          
    249                // Next - if one is available
    250                MSGpkt = (afIncomingMSGPacket_t *)osal_msg_receive( SampleApp_TaskID );
   \   00001D                ; Setup parameters for call to function osal_msg_receive
   \                     ??SampleApp_ProcessEvent_1:
   \   00001D   90....       MOV     DPTR,#SampleApp_TaskID
   \   000020   E0           MOVX    A,@DPTR
   \   000021   F9           MOV     R1,A
   \   000022   12....       LCALL   ??osal_msg_receive?relay
   \   000025   8A..         MOV     ?V0 + 0,R2
   \   000027   8B..         MOV     ?V0 + 1,R3
   \   000029   E5..         MOV     A,?V0 + 0
   \   00002B   45..         ORL     A,?V0 + 1
   \   00002D   603D         JZ      ??SampleApp_ProcessEvent_4
   \   00002F   85..82       MOV     DPL,?V0 + 0
   \   000032   85..83       MOV     DPH,?V0 + 1
   \   000035   E0           MOVX    A,@DPTR
   \   000036   14           DEC     A
   \   000037   60D6         JZ      ??SampleApp_ProcessEvent_2
   \   000039   24E7         ADD     A,#-0x19
   \   00003B   601E         JZ      ??SampleApp_ProcessEvent_5
   \   00003D   245A         ADD     A,#0x5a
   \   00003F   6006         JZ      ??SampleApp_ProcessEvent_6
   \   000041   24EF         ADD     A,#-0x11
   \   000043   601F         JZ      ??SampleApp_ProcessEvent_7
   \   000045   80CF         SJMP    ??SampleApp_ProcessEvent_3
   \                     ??SampleApp_ProcessEvent_6:
   \   000047                ; Setup parameters for call to function SampleApp_HandleKeys
   \   000047   A3           INC     DPTR
   \   000048   A3           INC     DPTR
   \   000049   A3           INC     DPTR
   \   00004A   E0           MOVX    A,@DPTR
   \   00004B   FA           MOV     R2,A
   \   00004C   85..82       MOV     DPL,?V0 + 0
   \   00004F   85..83       MOV     DPH,?V0 + 1
   \   000052   A3           INC     DPTR
   \   000053   A3           INC     DPTR
   \   000054   E0           MOVX    A,@DPTR
   \   000055   F9           MOV     R1,A
   \   000056   12....       LCALL   ??SampleApp_HandleKeys?relay
   \   000059   80BB         SJMP    ??SampleApp_ProcessEvent_3
   \                     ??SampleApp_ProcessEvent_5:
   \   00005B                ; Setup parameters for call to function SampleApp_MessageMSGCB
   \   00005B   AA..         MOV     R2,?V0 + 0
   \   00005D   AB..         MOV     R3,?V0 + 1
   \   00005F   12....       LCALL   ??SampleApp_MessageMSGCB?relay
   \   000062   80B2         SJMP    ??SampleApp_ProcessEvent_3
   \                     ??SampleApp_ProcessEvent_7:
   \   000064   A3           INC     DPTR
   \   000065   E0           MOVX    A,@DPTR
   \   000066   90....       MOV     DPTR,#SampleApp_NwkState
   \   000069   F0           MOVX    @DPTR,A
   \   00006A   80AA         SJMP    ??SampleApp_ProcessEvent_3
    251              }
    252          
    253              // return unprocessed events
    254              return (events ^ SYS_EVENT_MSG);
   \                     ??SampleApp_ProcessEvent_4:
   \   00006C   EE           MOV     A,R6
   \   00006D   FA           MOV     R2,A
   \   00006E   EF           MOV     A,R7
   \   00006F   6480         XRL     A,#0x80
   \                     ??SampleApp_ProcessEvent_8:
   \   000071   FB           MOV     R3,A
   \   000072   8067         SJMP    ??SampleApp_ProcessEvent_9
    255            }
    256          
    257            // Send a message out - This event is generated by a timer
    258            //  (setup in SampleApp_Init()).
    259            if ( events & SAMPLEAPP_SEND_PERIODIC_MSG_EVT )
   \                     ??SampleApp_ProcessEvent_0:
   \   000074   EE           MOV     A,R6
   \   000075   A2E0         MOV     C,0xE0 /* A   */.0
   \   000077   5021         JNC     ??SampleApp_ProcessEvent_10
    260            {
    261              // Send the periodic message
    262              SampleApp_SendPeriodicMessage();
   \   000079                ; Setup parameters for call to function SampleApp_SendPeriodicMessage
   \   000079   12....       LCALL   ??SampleApp_SendPeriodicMessage?relay
    263          
    264              // Setup to send message again in normal period (+ a little jitter)
    265              osal_start_timerEx( SampleApp_TaskID, SAMPLEAPP_SEND_PERIODIC_MSG_EVT,
    266                  (SAMPLEAPP_SEND_PERIODIC_MSG_TIMEOUT + (osal_rand() & 0x00FF)) );
   \   00007C                ; Setup parameters for call to function osal_rand
   \   00007C   12....       LCALL   ??osal_rand?relay
   \   00007F                ; Setup parameters for call to function osal_start_timerEx
   \   00007F   EA           MOV     A,R2
   \   000080   2488         ADD     A,#-0x78
   \   000082   FC           MOV     R4,A
   \   000083   E4           CLR     A
   \   000084   3413         ADDC    A,#0x13
   \   000086   FD           MOV     R5,A
   \   000087   7A01         MOV     R2,#0x1
   \   000089   7B00         MOV     R3,#0x0
   \   00008B   90....       MOV     DPTR,#SampleApp_TaskID
   \   00008E   E0           MOVX    A,@DPTR
   \   00008F   F9           MOV     R1,A
   \   000090   12....       LCALL   ??osal_start_timerEx?relay
    267          
    268              // return unprocessed events
    269              return (events ^ SAMPLEAPP_SEND_PERIODIC_MSG_EVT);
   \   000093   EE           MOV     A,R6
   \   000094   6401         XRL     A,#0x1
   \                     ??SampleApp_ProcessEvent_11:
   \   000096   FA           MOV     R2,A
   \   000097   EF           MOV     A,R7
   \   000098   80D7         SJMP    ??SampleApp_ProcessEvent_8
    270            }
    271          
    272            if(events & Definition_Event_1)
   \                     ??SampleApp_ProcessEvent_10:
   \   00009A   5402         ANL     A,#0x2
   \   00009C   6022         JZ      ??SampleApp_ProcessEvent_12
    273            {
    274               HalLedBlink(HAL_LED_1,2,50,1000);
   \   00009E                ; Setup parameters for call to function HalLedBlink
   \   00009E   7CE8         MOV     R4,#-0x18
   \   0000A0   7D03         MOV     R5,#0x3
   \   0000A2   7B32         MOV     R3,#0x32
   \   0000A4   7A02         MOV     R2,#0x2
   \   0000A6   7901         MOV     R1,#0x1
   \   0000A8   12....       LCALL   ??HalLedBlink?relay
    275               osal_start_timerEx(SampleApp_TaskID,Definition_Event_2,2000);
   \   0000AB                ; Setup parameters for call to function osal_start_timerEx
   \   0000AB   7CD0         MOV     R4,#-0x30
   \   0000AD   7D07         MOV     R5,#0x7
   \   0000AF   7A04         MOV     R2,#0x4
   \   0000B1   7B00         MOV     R3,#0x0
   \   0000B3   90....       MOV     DPTR,#SampleApp_TaskID
   \   0000B6   E0           MOVX    A,@DPTR
   \   0000B7   F9           MOV     R1,A
   \   0000B8   12....       LCALL   ??osal_start_timerEx?relay
    276               return (events ^ Definition_Event_1);
   \   0000BB   EE           MOV     A,R6
   \   0000BC   6402         XRL     A,#0x2
   \   0000BE   80D6         SJMP    ??SampleApp_ProcessEvent_11
    277            }
    278          
    279              if(events & Definition_Event_2)
   \                     ??SampleApp_ProcessEvent_12:
   \   0000C0   EE           MOV     A,R6
   \   0000C1   5404         ANL     A,#0x4
   \   0000C3   6012         JZ      ??SampleApp_ProcessEvent_13
    280            {
    281                HalLedBlink(HAL_LED_2,3,50,1000);
   \   0000C5                ; Setup parameters for call to function HalLedBlink
   \   0000C5   7CE8         MOV     R4,#-0x18
   \   0000C7   7D03         MOV     R5,#0x3
   \   0000C9   7B32         MOV     R3,#0x32
   \   0000CB   7A03         MOV     R2,#0x3
   \   0000CD   7902         MOV     R1,#0x2
   \   0000CF   12....       LCALL   ??HalLedBlink?relay
    282                return (events ^ Definition_Event_2);
   \   0000D2   EE           MOV     A,R6
   \   0000D3   6404         XRL     A,#0x4
   \   0000D5   80BF         SJMP    ??SampleApp_ProcessEvent_11
    283            }
    284            // Discard unknown events
    285            return 0;
   \                     ??SampleApp_ProcessEvent_13:
   \   0000D7   7A00         MOV     R2,#0x0
   \   0000D9   7B00         MOV     R3,#0x0
   \                     ??SampleApp_ProcessEvent_9:
   \   0000DB                REQUIRE ?Subroutine0
   \   0000DB                ; // Fall through to label ?Subroutine0
    286          }

   \                                 In  segment BANKED_CODE, align 1, keep-with-next
   \                     ?Subroutine0:
   \   000000   7F04         MOV     R7,#0x4
   \   000002   02....       LJMP    ?BANKED_LEAVE_XDATA
    287          
    288          /*********************************************************************
    289           * Event Generation Functions
    290           */
    291          /*********************************************************************
    292           * @fn      SampleApp_HandleKeys
    293           *
    294           * @brief   Handles all key events for this device.
    295           *
    296           * @param   shift - true if in shift/alt.
    297           * @param   keys - bit field for key events. Valid entries:
    298           *                 HAL_KEY_SW_2
    299           *                 HAL_KEY_SW_1
    300           *
    301           * @return  none
    302           */

   \                                 In  segment BANKED_CODE, align 1, keep-with-next
    303          void SampleApp_HandleKeys( uint8 shift, uint8 keys )
   \                     SampleApp_HandleKeys:
    304          {
   \   000000   74F6         MOV     A,#-0xa
   \   000002   12....       LCALL   ?BANKED_ENTER_XDATA
   \   000005                ; Saved register size: 10
   \   000005                ; Auto size: 16
   \   000005   74F0         MOV     A,#-0x10
   \   000007   12....       LCALL   ?ALLOC_XSTACK8
   \   00000A   EA           MOV     A,R2
   \   00000B   FE           MOV     R6,A
    305          
    306            static unsigned char KEYVALUE=0;
    307            unsigned char seg7table[16] = {
    308              /* 0       1       2       3       4       5       6      7*/
    309              0xc0,   0xf9,   0xa4,   0xb0,   0x99,   0x92,   0x82,   0xf8,
    310              /* 8       9      A        B       C       D       E      F*/
    311              0x80,   0x90,   0x88,   0x83,   0xc6,   0xa1,   0x86,   0x8e };
   \   00000C   90....       MOV     DPTR,#`?<Constant {192, 249, 164, 176, 153, 146, 130,`
   \   00000F   C082         PUSH    DPL
   \   000011   85..82       MOV     DPL,?XSP + 0
   \   000014   85..83       MOV     DPH,?XSP + 1
   \   000017   AC82         MOV     R4,DPL
   \   000019   AD83         MOV     R5,DPH
   \   00001B   7583..       MOV     DPH,#(`?<Constant {192, 249, 164, 176, 153, 146, 130,` >> 8) & 0xff
   \   00001E   D082         POP     DPL
   \   000020   7410         MOV     A,#0x10
   \   000022   12....       LCALL   ?MOVE_LONG8_XDATA_XDATA
    312              //P0DIR
    313            P0DIR |= 0x10;
   \   000025   12....       LCALL   ?Subroutine6 & 0xFFFF
    314            P1DIR = 0xff;
    315            P0 |= (0x1<<4);
    316          
    317          
    318            KEYVALUE++;
   \                     ??CrossCallReturnLabel_10:
   \   000028   90....       MOV     DPTR,#??KEYVALUE
   \   00002B   E0           MOVX    A,@DPTR
   \   00002C   04           INC     A
   \   00002D   F0           MOVX    @DPTR,A
    319            if(KEYVALUE==10) KEYVALUE=1;
   \   00002E   640A         XRL     A,#0xa
   \   000030   7003         JNZ     ??SampleApp_HandleKeys_0
   \   000032   7401         MOV     A,#0x1
   \   000034   F0           MOVX    @DPTR,A
    320          
    321          
    322            (void)shift;  // Intentionally unreferenced parameter
    323          
    324            if ( keys & HAL_KEY_SW_1 )
   \                     ??SampleApp_HandleKeys_0:
   \   000035   EE           MOV     A,R6
   \   000036   A2E0         MOV     C,0xE0 /* A   */.0
   \   000038   5007         JNC     ??SampleApp_HandleKeys_1
    325            {
    326              /* This key sends the Flash Command is sent to Group 1.
    327               * This device will not receive the Flash Command from this
    328               * device (even if it belongs to group 1).
    329               */
    330              SampleApp_SendFlashMessage( SAMPLEAPP_FLASH_DURATION );
   \   00003A                ; Setup parameters for call to function SampleApp_SendFlashMessage
   \   00003A   7AE8         MOV     R2,#-0x18
   \   00003C   7B03         MOV     R3,#0x3
   \   00003E   12....       LCALL   ??SampleApp_SendFlashMessage?relay
    331            }
    332          
    333            if ( keys & HAL_KEY_SW_2 )
   \                     ??SampleApp_HandleKeys_1:
   \   000041   EE           MOV     A,R6
   \   000042   A2E1         MOV     C,0xE0 /* A   */.1
   \   000044   5024         JNC     ??SampleApp_HandleKeys_2
    334            {
    335              /* The Flashr Command is sent to Group 1.
    336               * This key toggles this device in and out of group 1.
    337               * If this device doesn't belong to group 1, this application
    338               * will not receive the Flash command sent to group 1.
    339               */
    340              aps_Group_t *grp;
    341              grp = aps_FindGroup( SAMPLEAPP_ENDPOINT, SAMPLEAPP_FLASH_GROUP );
    342              if ( grp )
   \   000046                ; Setup parameters for call to function aps_FindGroup
   \   000046   7A01         MOV     R2,#0x1
   \   000048   7B00         MOV     R3,#0x0
   \   00004A   7914         MOV     R1,#0x14
   \   00004C   12....       LCALL   ??aps_FindGroup?relay
   \   00004F   8B..         MOV     ?V0 + 1,R3
   \   000051   EA           MOV     A,R2
   \   000052   45..         ORL     A,?V0 + 1
   \   000054   600B         JZ      ??SampleApp_HandleKeys_3
    343              {
    344                // Remove from the group
    345                aps_RemoveGroup( SAMPLEAPP_ENDPOINT, SAMPLEAPP_FLASH_GROUP );
   \   000056                ; Setup parameters for call to function aps_RemoveGroup
   \   000056   7A01         MOV     R2,#0x1
   \   000058   7B00         MOV     R3,#0x0
   \   00005A   7914         MOV     R1,#0x14
   \   00005C   12....       LCALL   ??aps_RemoveGroup?relay
   \   00005F   8009         SJMP    ??SampleApp_HandleKeys_2
    346              }
    347              else
    348              {
    349                // Add to the flash group
    350                aps_AddGroup( SAMPLEAPP_ENDPOINT, &SampleApp_Group );
   \                     ??SampleApp_HandleKeys_3:
   \   000061                ; Setup parameters for call to function aps_AddGroup
   \   000061   7A..         MOV     R2,#SampleApp_Group & 0xff
   \   000063   7B..         MOV     R3,#(SampleApp_Group >> 8) & 0xff
   \   000065   7914         MOV     R1,#0x14
   \   000067   12....       LCALL   ??aps_AddGroup?relay
    351              }
    352            }
    353          
    354            if(keys & HAL_KEY_SW_6)
   \                     ??SampleApp_HandleKeys_2:
   \   00006A   EE           MOV     A,R6
   \   00006B   A2E5         MOV     C,0xE0 /* A   */.5
   \   00006D   502F         JNC     ??SampleApp_HandleKeys_4
    355            {
    356               P1 = seg7table[KEYVALUE];
   \   00006F   90....       MOV     DPTR,#??KEYVALUE
   \   000072   12....       LCALL   ?Subroutine3 & 0xFFFF
   \                     ??CrossCallReturnLabel_3:
   \   000075   28           ADD     A,R0
   \   000076   F582         MOV     DPL,A
   \   000078   E583         MOV     A,DPH
   \   00007A   3400         ADDC    A,#0x0
   \   00007C   F583         MOV     DPH,A
   \   00007E   E0           MOVX    A,@DPTR
   \   00007F   F590         MOV     0x90,A
    357               if(KEYVALUE%2)
   \   000081   90....       MOV     DPTR,#??KEYVALUE
   \   000084   E0           MOVX    A,@DPTR
   \   000085   A2E0         MOV     C,0xE0 /* A   */.0
   \   000087   7A00         MOV     R2,#0x0
   \   000089   5009         JNC     ??SampleApp_HandleKeys_5
    358               {
    359                 HalLedSet (HAL_LED_1, HAL_LED_MODE_OFF);
   \   00008B                ; Setup parameters for call to function HalLedSet
   \   00008B   7901         MOV     R1,#0x1
   \   00008D   12....       LCALL   ?Subroutine4 & 0xFFFF
    360                 HalLedBlink(HAL_LED_2,2,50,1000);
    361               }
   \                     ??CrossCallReturnLabel_6:
   \   000090   7902         MOV     R1,#0x2
   \   000092   8007         SJMP    ??SampleApp_HandleKeys_6
    362               else
    363               {
    364                 HalLedSet (HAL_LED_2, HAL_LED_MODE_OFF);
   \                     ??SampleApp_HandleKeys_5:
   \   000094                ; Setup parameters for call to function HalLedSet
   \   000094   7902         MOV     R1,#0x2
   \   000096   12....       LCALL   ?Subroutine4 & 0xFFFF
    365                 HalLedBlink(HAL_LED_1,2,50,1000);
    366               }
    367            }
   \                     ??CrossCallReturnLabel_7:
   \   000099   7901         MOV     R1,#0x1
   \                     ??SampleApp_HandleKeys_6:
   \   00009B   12....       LCALL   ??HalLedBlink?relay
    368            P0DIR &= ~(0x10);
   \                     ??SampleApp_HandleKeys_4:
   \   00009E   53FDEF       ANL     0xfd,#0xef
    369            P0 &= ~(0x1<<4);
   \   0000A1   C284         CLR     0x80.4
    370          }
   \   0000A3   7410         MOV     A,#0x10
   \   0000A5   02....       LJMP    ?Subroutine1 & 0xFFFF
   \   0000A8                REQUIRE P0DIR
   \   0000A8                REQUIRE P1DIR
   \   0000A8                REQUIRE _A_P0
   \   0000A8                REQUIRE _A_P1

   \                                 In  segment BANKED_CODE, align 1, keep-with-next
   \                     ?Subroutine4:
   \   000000   12....       LCALL   ?Subroutine10 & 0xFFFF
   \                     ??CrossCallReturnLabel_18:
   \   000003   7A02         MOV     R2,#0x2
   \   000005   22           RET

   \                                 In  segment BANKED_CODE, align 1, keep-with-next
   \                     ?Subroutine1:
   \   000000   12....       LCALL   ?DEALLOC_XSTACK8
   \   000003                REQUIRE ??Subroutine12_0
   \   000003                ; // Fall through to label ??Subroutine12_0

   \                                 In  segment BANKED_CODE, align 1, keep-with-next
   \                     ??Subroutine12_0:
   \   000000   7F02         MOV     R7,#0x2
   \   000002   02....       LJMP    ?BANKED_LEAVE_XDATA

   \                                 In  segment BANKED_CODE, align 1, keep-with-next
   \                     ?Subroutine6:
   \   000000   43FD10       ORL     0xfd,#0x10
   \   000003   75FEFF       MOV     0xfe,#-0x1
   \   000006   D284         SETB    0x80.4
   \   000008   22           RET

   \                                 In  segment BANKED_CODE, align 1, keep-with-next
   \                     ?Subroutine10:
   \   000000   12....       LCALL   ??HalLedSet?relay
   \   000003                ; Setup parameters for call to function HalLedBlink
   \   000003                ; Setup parameters for call to function HalLedBlink
   \   000003                ; Setup parameters for call to function HalLedBlink
   \   000003                ; Setup parameters for call to function HalLedBlink
   \   000003   7CE8         MOV     R4,#-0x18
   \   000005   7D03         MOV     R5,#0x3
   \   000007   7B32         MOV     R3,#0x32
   \   000009   22           RET

   \                                 In  segment BANKED_CODE, align 1, keep-with-next
   \                     ?Subroutine3:
   \   000000   E0           MOVX    A,@DPTR
   \   000001   F8           MOV     R0,A
   \   000002   85..82       MOV     DPL,?XSP + 0
   \   000005   85..83       MOV     DPH,?XSP + 1
   \   000008   E582         MOV     A,DPL
   \   00000A   22           RET

   \                                 In  segment XDATA_Z, align 1, keep-with-next
   \                     ??KEYVALUE:
   \   000000                DS 1
   \   000001                REQUIRE __INIT_XDATA_Z
    371          
    372          /*********************************************************************
    373           * LOCAL FUNCTIONS
    374           */
    375          
    376          /*********************************************************************
    377           * @fn      SampleApp_MessageMSGCB
    378           *
    379           * @brief   Data message processor callback.  This function processes
    380           *          any incoming data - probably from other devices.  So, based
    381           *          on cluster ID, perform the intended action.
    382           *
    383           * @param   none
    384           *
    385           * @return  none
    386           */

   \                                 In  segment BANKED_CODE, align 1, keep-with-next
    387          void SampleApp_MessageMSGCB( afIncomingMSGPacket_t *pkt )
   \                     SampleApp_MessageMSGCB:
    388          {
   \   000000   74F6         MOV     A,#-0xa
   \   000002   12....       LCALL   ?BANKED_ENTER_XDATA
   \   000005                ; Saved register size: 10
   \   000005                ; Auto size: 0
    389            uint16 flashTime;
    390          
    391            switch ( pkt->clusterId )
   \   000005   8A82         MOV     DPL,R2
   \   000007   8B83         MOV     DPH,R3
   \   000009   A3           INC     DPTR
   \   00000A   A3           INC     DPTR
   \   00000B   A3           INC     DPTR
   \   00000C   A3           INC     DPTR
   \   00000D   E0           MOVX    A,@DPTR
   \   00000E   F5..         MOV     ?V0 + 0,A
   \   000010   A3           INC     DPTR
   \   000011   E0           MOVX    A,@DPTR
   \   000012   F5..         MOV     ?V0 + 1,A
   \   000014   78..         MOV     R0,#?V0 + 0
   \   000016   12....       LCALL   ?US_SWITCH_DENSE
   \                     `?<Jumptable for SampleApp_MessageMSGCB>_0`:
   \   000019   0100         DW        1
   \   00001B   01           DB        1
   \   00001C   ....         DW        ??SampleApp_MessageMSGCB_0
   \   00001E   ....         DW        ??SampleApp_MessageMSGCB_1
   \   000020   ....         DW        ??SampleApp_MessageMSGCB_2
    392            {
    393              case SAMPLEAPP_PERIODIC_CLUSTERID:
    394                if((pkt->cmd.Data[0])=='0')
   \                     ??SampleApp_MessageMSGCB_1:
   \   000022   12....       LCALL   ?Subroutine7 & 0xFFFF
   \                     ??CrossCallReturnLabel_12:
   \   000025   F583         MOV     DPH,A
   \   000027   8882         MOV     DPL,R0
   \   000029   E0           MOVX    A,@DPTR
   \   00002A   6430         XRL     A,#0x30
   \   00002C   7009         JNZ     ??SampleApp_MessageMSGCB_3
    395                {
    396                  HalLedSet (HAL_LED_1, HAL_LED_MODE_OFF);
   \   00002E                ; Setup parameters for call to function HalLedSet
   \   00002E   7A00         MOV     R2,#0x0
   \                     ??SampleApp_MessageMSGCB_4:
   \   000030   7901         MOV     R1,#0x1
   \   000032   12....       LCALL   ??HalLedSet?relay
   \   000035   8051         SJMP    ??SampleApp_MessageMSGCB_0
    397                }
    398                else if((pkt->cmd.Data[0])=='1')
   \                     ??SampleApp_MessageMSGCB_3:
   \   000037   12....       LCALL   ?Subroutine11 & 0xFFFF
   \                     ??CrossCallReturnLabel_20:
   \   00003A   A3           INC     DPTR
   \   00003B   E0           MOVX    A,@DPTR
   \   00003C   F583         MOV     DPH,A
   \   00003E   8882         MOV     DPL,R0
   \   000040   E0           MOVX    A,@DPTR
   \   000041   6431         XRL     A,#0x31
   \   000043   7004         JNZ     ??SampleApp_MessageMSGCB_5
    399                {
    400                   HalLedSet (HAL_LED_1, HAL_LED_MODE_ON);
   \   000045                ; Setup parameters for call to function HalLedSet
   \   000045   7A01         MOV     R2,#0x1
   \   000047   80E7         SJMP    ??SampleApp_MessageMSGCB_4
    401                }
    402                else
    403                {
    404                  HalUARTWrite(0,"error\n",5);
   \                     ??SampleApp_MessageMSGCB_5:
   \   000049                ; Setup parameters for call to function HalUARTWrite
   \   000049   7C05         MOV     R4,#0x5
   \   00004B   7D00         MOV     R5,#0x0
   \   00004D   7A..         MOV     R2,#`?<Constant "error\\n">` & 0xff
   \   00004F   7B..         MOV     R3,#(`?<Constant "error\\n">` >> 8) & 0xff
   \   000051   7900         MOV     R1,#0x0
   \   000053   12....       LCALL   ??HalUARTWrite?relay
   \   000056   8030         SJMP    ??SampleApp_MessageMSGCB_0
    405                }
    406                break;
    407          
    408              case SAMPLEAPP_FLASH_CLUSTERID:
    409                flashTime = BUILD_UINT16(pkt->cmd.Data[1], pkt->cmd.Data[2] );
    410                HalLedBlink( HAL_LED_4, 4, 50, (flashTime / 4) );
   \                     ??SampleApp_MessageMSGCB_2:
   \   000058   12....       LCALL   ?Subroutine7 & 0xFFFF
   \                     ??CrossCallReturnLabel_13:
   \   00005B   F9           MOV     R1,A
   \   00005C                ; Setup parameters for call to function HalLedBlink
   \   00005C   8882         MOV     DPL,R0
   \   00005E   8983         MOV     DPH,R1
   \   000060   A3           INC     DPTR
   \   000061   E0           MOVX    A,@DPTR
   \   000062   FA           MOV     R2,A
   \   000063   8882         MOV     DPL,R0
   \   000065   8983         MOV     DPH,R1
   \   000067   A3           INC     DPTR
   \   000068   A3           INC     DPTR
   \   000069   E0           MOVX    A,@DPTR
   \   00006A   F9           MOV     R1,A
   \   00006B   EA           MOV     A,R2
   \   00006C   2400         ADD     A,#0x0
   \   00006E   F5..         MOV     ?V0 + 0,A
   \   000070   E4           CLR     A
   \   000071   39           ADDC    A,R1
   \   000072   F5..         MOV     ?V0 + 1,A
   \   000074   7402         MOV     A,#0x2
   \   000076   78..         MOV     R0,#?V0 + 0
   \   000078   12....       LCALL   ?US_SHR
   \   00007B   AC..         MOV     R4,?V0 + 0
   \   00007D   AD..         MOV     R5,?V0 + 1
   \   00007F   7B32         MOV     R3,#0x32
   \   000081   7A04         MOV     R2,#0x4
   \   000083   7908         MOV     R1,#0x8
   \   000085   12....       LCALL   ??HalLedBlink?relay
    411                break;
    412            }
    413          }
   \                     ??SampleApp_MessageMSGCB_0:
   \   000088   02....       LJMP    ??Subroutine12_0 & 0xFFFF

   \                                 In  segment BANKED_CODE, align 1, keep-with-next
   \                     ?Subroutine7:
   \   000000   12....       LCALL   ?Subroutine11 & 0xFFFF
   \                     ??CrossCallReturnLabel_21:
   \   000003   E0           MOVX    A,@DPTR
   \   000004   F8           MOV     R0,A
   \   000005   A3           INC     DPTR
   \   000006   E0           MOVX    A,@DPTR
   \   000007   22           RET

   \                                 In  segment BANKED_CODE, align 1, keep-with-next
   \                     ?Subroutine11:
   \   000000   EA           MOV     A,R2
   \   000001   2422         ADD     A,#0x22
   \   000003   F582         MOV     DPL,A
   \   000005   EB           MOV     A,R3
   \   000006   3400         ADDC    A,#0x0
   \   000008   F583         MOV     DPH,A
   \   00000A   22           RET
    414          
    415          /*********************************************************************
    416           * @fn      SampleApp_SendPeriodicMessage
    417           *
    418           * @brief   Send the periodic message.
    419           *
    420           * @param   none
    421           *
    422           * @return  none
    423           */

   \                                 In  segment BANKED_CODE, align 1, keep-with-next
    424          void SampleApp_SendPeriodicMessage( void )
   \                     SampleApp_SendPeriodicMessage:
    425          {
   \   000000   74F6         MOV     A,#-0xa
   \   000002   12....       LCALL   ?BANKED_ENTER_XDATA
   \   000005                ; Saved register size: 10
   \   000005                ; Auto size: 0
    426            if ( AF_DataRequest( &SampleApp_Periodic_DstAddr, &SampleApp_epDesc,
    427                                 SAMPLEAPP_PERIODIC_CLUSTERID,
    428                                 1,
    429                                 (uint8*)&SampleAppPeriodicCounter,
    430                                 &SampleApp_TransID,
    431                                 AF_DISCV_ROUTE,
    432                                 AF_DEFAULT_RADIUS ) == afStatus_SUCCESS )
   \   000005                ; Setup parameters for call to function AF_DataRequest
   \   000005   75..1E       MOV     ?V0 + 0,#0x1e
   \   000008   78..         MOV     R0,#?V0 + 0
   \   00000A   12....       LCALL   ?PUSH_XSTACK_I_ONE
   \   00000D   75....       MOV     ?V0 + 0,#SampleApp_TransID & 0xff
   \   000010   75....       MOV     ?V0 + 1,#(SampleApp_TransID >> 8) & 0xff
   \   000013   78..         MOV     R0,#?V0 + 0
   \   000015   12....       LCALL   ?PUSH_XSTACK_I_TWO
   \   000018   75....       MOV     ?V0 + 0,#SampleAppPeriodicCounter & 0xff
   \   00001B   75....       MOV     ?V0 + 1,#(SampleAppPeriodicCounter >> 8) & 0xff
   \   00001E   78..         MOV     R0,#?V0 + 0
   \   000020   12....       LCALL   ?PUSH_XSTACK_I_TWO
   \   000023   75..01       MOV     ?V0 + 0,#0x1
   \   000026   75..00       MOV     ?V0 + 1,#0x0
   \   000029   78..         MOV     R0,#?V0 + 0
   \   00002B   12....       LCALL   ?PUSH_XSTACK_I_TWO
   \   00002E   78..         MOV     R0,#?V0 + 0
   \   000030   12....       LCALL   ?PUSH_XSTACK_I_TWO
   \   000033   7920         MOV     R1,#0x20
   \   000035   7C..         MOV     R4,#SampleApp_epDesc & 0xff
   \   000037   7D..         MOV     R5,#(SampleApp_epDesc >> 8) & 0xff
   \   000039   7A..         MOV     R2,#SampleApp_Periodic_DstAddr & 0xff
   \   00003B   7B..         MOV     R3,#(SampleApp_Periodic_DstAddr >> 8) & 0xff
   \   00003D   12....       LCALL   ??AF_DataRequest?relay
   \   000040   7409         MOV     A,#0x9
   \   000042   80..         SJMP    ?Subroutine1
    433            {
    434            }
    435            else
    436            {
    437              // Error occurred in request to send.
    438            }
    439          }
    440          
    441          /*********************************************************************
    442           * @fn      SampleApp_SendFlashMessage
    443           *
    444           * @brief   Send the flash message to group 1.
    445           *
    446           * @param   flashTime - in milliseconds
    447           *
    448           * @return  none
    449           */

   \                                 In  segment BANKED_CODE, align 1, keep-with-next
    450          void SampleApp_SendFlashMessage( uint16 flashTime )
   \                     SampleApp_SendFlashMessage:
    451          {
   \   000000   74F6         MOV     A,#-0xa
   \   000002   12....       LCALL   ?BANKED_ENTER_XDATA
   \   000005                ; Saved register size: 10
   \   000005                ; Auto size: 3
   \   000005   74FD         MOV     A,#-0x3
   \   000007   12....       LCALL   ?ALLOC_XSTACK8
    452            uint8 buffer[3];
    453            buffer[0] = (uint8)(SampleAppFlashCounter++);
   \   00000A   90....       MOV     DPTR,#SampleAppFlashCounter
   \   00000D   E0           MOVX    A,@DPTR
   \   00000E   85..82       MOV     DPL,?XSP + 0
   \   000011   85..83       MOV     DPH,?XSP + 1
   \   000014   F0           MOVX    @DPTR,A
   \   000015   90....       MOV     DPTR,#SampleAppFlashCounter
   \   000018   E0           MOVX    A,@DPTR
   \   000019   04           INC     A
   \   00001A   F0           MOVX    @DPTR,A
    454            buffer[1] = LO_UINT16( flashTime );
   \   00001B   7401         MOV     A,#0x1
   \   00001D   12....       LCALL   ?XSTACK_DISP0_8
   \   000020   EA           MOV     A,R2
   \   000021   F0           MOVX    @DPTR,A
    455            buffer[2] = HI_UINT16( flashTime );
   \   000022   7402         MOV     A,#0x2
   \   000024   12....       LCALL   ?XSTACK_DISP0_8
   \   000027   EB           MOV     A,R3
   \   000028   F0           MOVX    @DPTR,A
    456          
    457            if ( AF_DataRequest( &SampleApp_Flash_DstAddr, &SampleApp_epDesc,
    458                                 SAMPLEAPP_FLASH_CLUSTERID,
    459                                 3,
    460                                 buffer,
    461                                 &SampleApp_TransID,
    462                                 AF_DISCV_ROUTE,
    463                                 AF_DEFAULT_RADIUS ) == afStatus_SUCCESS )
   \   000029                ; Setup parameters for call to function AF_DataRequest
   \   000029   75..1E       MOV     ?V0 + 0,#0x1e
   \   00002C   78..         MOV     R0,#?V0 + 0
   \   00002E   12....       LCALL   ?PUSH_XSTACK_I_ONE
   \   000031   75....       MOV     ?V0 + 0,#SampleApp_TransID & 0xff
   \   000034   75....       MOV     ?V0 + 1,#(SampleApp_TransID >> 8) & 0xff
   \   000037   78..         MOV     R0,#?V0 + 0
   \   000039   12....       LCALL   ?PUSH_XSTACK_I_TWO
   \   00003C   7403         MOV     A,#0x3
   \   00003E   12....       LCALL   ?XSTACK_DISP0_8
   \   000041   8582..       MOV     ?V0 + 0,DPL
   \   000044   8583..       MOV     ?V0 + 1,DPH
   \   000047   78..         MOV     R0,#?V0 + 0
   \   000049   12....       LCALL   ?PUSH_XSTACK_I_TWO
   \   00004C   75..03       MOV     ?V0 + 0,#0x3
   \   00004F   75..00       MOV     ?V0 + 1,#0x0
   \   000052   78..         MOV     R0,#?V0 + 0
   \   000054   12....       LCALL   ?PUSH_XSTACK_I_TWO
   \   000057   75..02       MOV     ?V0 + 0,#0x2
   \   00005A   78..         MOV     R0,#?V0 + 0
   \   00005C   12....       LCALL   ?PUSH_XSTACK_I_TWO
   \   00005F   7920         MOV     R1,#0x20
   \   000061   7C..         MOV     R4,#SampleApp_epDesc & 0xff
   \   000063   7D..         MOV     R5,#(SampleApp_epDesc >> 8) & 0xff
   \   000065   7A..         MOV     R2,#SampleApp_Flash_DstAddr & 0xff
   \   000067   7B..         MOV     R3,#(SampleApp_Flash_DstAddr >> 8) & 0xff
   \   000069   12....       LCALL   ??AF_DataRequest?relay
   \   00006C   7409         MOV     A,#0x9
   \   00006E   12....       LCALL   ?DEALLOC_XSTACK8
    464            {
    465            }
    466            else
    467            {
    468              // Error occurred in request to send.
    469            }
    470          }
   \   000071   7403         MOV     A,#0x3
   \   000073                REQUIRE ?Subroutine1
   \   000073                ; // Fall through to label ?Subroutine1
    471          

   \                                 In  segment BANKED_CODE, align 1, keep-with-next
    472          void SampleApp_SerialCMD(mtOSALSerialData_t *cmdMsg)
   \                     SampleApp_SerialCMD:
    473          {
   \   000000   74F4         MOV     A,#-0xc
   \   000002   12....       LCALL   ?BANKED_ENTER_XDATA
   \   000005                ; Saved register size: 12
   \   000005                ; Auto size: 16
   \   000005   74F0         MOV     A,#-0x10
   \   000007   12....       LCALL   ?ALLOC_XSTACK8
    474              uint8 i,len,*str=NULL; //len 有用数据长度
    475          /********************************************************************/
    476            unsigned char seg7table[16] = {
    477              /* 0       1       2       3       4       5       6      7*/
    478              0xc0,   0xf9,   0xa4,   0xb0,   0x99,   0x92,   0x82,   0xf8,
    479              /* 8       9      A        B       C       D       E      F*/
    480              0x80,   0x90,   0x88,   0x83,   0xc6,   0xa1,   0x86,   0x8e };
   \   00000A   90....       MOV     DPTR,#`?<Constant {192, 249, 164, 176, 153, 146, 130,_1`
   \   00000D   C082         PUSH    DPL
   \   00000F   85..82       MOV     DPL,?XSP + 0
   \   000012   85..83       MOV     DPH,?XSP + 1
   \   000015   AC82         MOV     R4,DPL
   \   000017   AD83         MOV     R5,DPH
   \   000019   7583..       MOV     DPH,#(`?<Constant {192, 249, 164, 176, 153, 146, 130,_1` >> 8) & 0xff
   \   00001C   D082         POP     DPL
   \   00001E   7410         MOV     A,#0x10
   \   000020   12....       LCALL   ?MOVE_LONG8_XDATA_XDATA
    481              //P0DIR
    482            P0DIR |= 0x10;
   \   000023   12....       LCALL   ?Subroutine6 & 0xFFFF
    483            P1DIR = 0xff;
    484            P0 |= (0x1<<4);
    485            /********************************************************************/
    486          
    487          
    488              str=cmdMsg->msg; //指向数据开头
   \                     ??CrossCallReturnLabel_11:
   \   000026   8A82         MOV     DPL,R2
   \   000028   8B83         MOV     DPH,R3
   \   00002A   A3           INC     DPTR
   \   00002B   A3           INC     DPTR
   \   00002C   E0           MOVX    A,@DPTR
   \   00002D   F5..         MOV     ?V0 + 0,A
   \   00002F   A3           INC     DPTR
   \   000030   E0           MOVX    A,@DPTR
   \   000031   F5..         MOV     ?V0 + 1,A
    489              len=*str; //msg 里的第 1 个字节代表后面的数据长度
   \   000033   85..82       MOV     DPL,?V0 + 0
   \   000036   F583         MOV     DPH,A
   \   000038   E0           MOVX    A,@DPTR
   \   000039   FF           MOV     R7,A
    490          /********打印出串口接收到的数据，用于提示*********/
    491              for(i=1;i<=len;i++)
   \   00003A   7E01         MOV     R6,#0x1
   \   00003C   8011         SJMP    ??SampleApp_SerialCMD_0
    492              {
    493          
    494                 if('0'<=*(str+i)&&*(str+i)<='9')
    495                 {
    496                   P1=seg7table[*(str+i)-'0'];
    497                   HalUARTWrite(0,str+i,1 );
    498                   HalLedSet (HAL_LED_2, HAL_LED_MODE_OFF);
    499                   HalLedBlink(HAL_LED_1,5,50,1000);
    500                 }
    501                 else if('A'<=*(str+i)&&*(str+i)<='F' || 'a'<=*(str+i)&&*(str+i)<='f')
    502                 {
    503                   if('A'<=*(str+i)&&*(str+i)<='F')
    504                    P1=seg7table[*(str+i)-'A'+10];
    505                   else
    506                     P1=seg7table[*(str+i)-'a'+10];
    507                   HalUARTWrite(0,str+i,1 );
    508                   HalLedSet (HAL_LED_1, HAL_LED_MODE_OFF);
    509                   HalLedBlink(HAL_LED_2,5,50,1000);
    510                 }
    511                 else
    512                 {
    513                   HalUARTWrite(0,"error",5);
   \                     ??SampleApp_SerialCMD_1:
   \   00003E                ; Setup parameters for call to function HalUARTWrite
   \   00003E   7C05         MOV     R4,#0x5
   \   000040   7D00         MOV     R5,#0x0
   \   000042   7A..         MOV     R2,#`?<Constant "error">` & 0xff
   \   000044   7B..         MOV     R3,#(`?<Constant "error">` >> 8) & 0xff
   \   000046   7900         MOV     R1,#0x0
   \   000048   12....       LCALL   ??HalUARTWrite?relay
    514                   P1=0xFF;
   \   00004B   7590FF       MOV     0x90,#-0x1
    515                 }
   \                     ??SampleApp_SerialCMD_2:
   \   00004E   0E           INC     R6
   \                     ??SampleApp_SerialCMD_0:
   \   00004F   EF           MOV     A,R7
   \   000050   C3           CLR     C
   \   000051   9E           SUBB    A,R6
   \   000052   4074         JC      ??SampleApp_SerialCMD_3
   \   000054   8E..         MOV     ?V0 + 2,R6
   \   000056   E5..         MOV     A,?V0 + 0
   \   000058   25..         ADD     A,?V0 + 2
   \   00005A   F582         MOV     DPL,A
   \   00005C   E5..         MOV     A,?V0 + 1
   \   00005E   3400         ADDC    A,#0x0
   \   000060   F583         MOV     DPH,A
   \   000062   E0           MOVX    A,@DPTR
   \   000063   24D0         ADD     A,#-0x30
   \   000065   C3           CLR     C
   \   000066   940A         SUBB    A,#0xa
   \   000068   5021         JNC     ??SampleApp_SerialCMD_4
   \   00006A   12....       LCALL   ?Subroutine9 & 0xFFFF
   \                     ??CrossCallReturnLabel_16:
   \   00006D   12....       LCALL   ?Subroutine3 & 0xFFFF
   \                     ??CrossCallReturnLabel_4:
   \   000070   12....       LCALL   ?Subroutine2 & 0xFFFF
   \                     ??CrossCallReturnLabel_0:
   \   000073   24D0         ADD     A,#-0x30
   \   000075   12....       LCALL   ?Subroutine8 & 0xFFFF
   \                     ??CrossCallReturnLabel_14:
   \   000078   7900         MOV     R1,#0x0
   \   00007A   12....       LCALL   ??HalUARTWrite?relay
   \   00007D                ; Setup parameters for call to function HalLedSet
   \   00007D   7A00         MOV     R2,#0x0
   \   00007F   7902         MOV     R1,#0x2
   \   000081   12....       LCALL   ?Subroutine5 & 0xFFFF
   \                     ??CrossCallReturnLabel_8:
   \   000084   7901         MOV     R1,#0x1
   \                     ??SampleApp_SerialCMD_5:
   \   000086   12....       LCALL   ??HalLedBlink?relay
   \   000089   80C3         SJMP    ??SampleApp_SerialCMD_2
   \                     ??SampleApp_SerialCMD_4:
   \   00008B   E0           MOVX    A,@DPTR
   \   00008C   24BF         ADD     A,#-0x41
   \   00008E   C3           CLR     C
   \   00008F   9406         SUBB    A,#0x6
   \   000091   4008         JC      ??SampleApp_SerialCMD_6
   \   000093   E0           MOVX    A,@DPTR
   \   000094   249F         ADD     A,#-0x61
   \   000096   C3           CLR     C
   \   000097   9406         SUBB    A,#0x6
   \   000099   50A3         JNC     ??SampleApp_SerialCMD_1
   \                     ??SampleApp_SerialCMD_6:
   \   00009B   E0           MOVX    A,@DPTR
   \   00009C   24BF         ADD     A,#-0x41
   \   00009E   C3           CLR     C
   \   00009F   9406         SUBB    A,#0x6
   \   0000A1   12....       LCALL   ?Subroutine3 & 0xFFFF
   \                     ??CrossCallReturnLabel_5:
   \   0000A4   5007         JNC     ??SampleApp_SerialCMD_7
   \   0000A6   12....       LCALL   ?Subroutine2 & 0xFFFF
   \                     ??CrossCallReturnLabel_1:
   \   0000A9   24C9         ADD     A,#-0x37
   \   0000AB   8005         SJMP    ??SampleApp_SerialCMD_8
   \                     ??SampleApp_SerialCMD_7:
   \   0000AD   12....       LCALL   ?Subroutine2 & 0xFFFF
   \                     ??CrossCallReturnLabel_2:
   \   0000B0   24A9         ADD     A,#-0x57
   \                     ??SampleApp_SerialCMD_8:
   \   0000B2   12....       LCALL   ?Subroutine8 & 0xFFFF
   \                     ??CrossCallReturnLabel_15:
   \   0000B5   12....       LCALL   ?Subroutine9 & 0xFFFF
   \                     ??CrossCallReturnLabel_17:
   \   0000B8   7900         MOV     R1,#0x0
   \   0000BA   12....       LCALL   ??HalUARTWrite?relay
   \   0000BD                ; Setup parameters for call to function HalLedSet
   \   0000BD   7A00         MOV     R2,#0x0
   \   0000BF   7901         MOV     R1,#0x1
   \   0000C1   12....       LCALL   ?Subroutine5 & 0xFFFF
    516              }
   \                     ??CrossCallReturnLabel_9:
   \   0000C4   7902         MOV     R1,#0x2
   \   0000C6   80BE         SJMP    ??SampleApp_SerialCMD_5
    517              HalUARTWrite(0,"\n",1 );//换行
   \                     ??SampleApp_SerialCMD_3:
   \   0000C8                ; Setup parameters for call to function HalUARTWrite
   \   0000C8   7C01         MOV     R4,#0x1
   \   0000CA   7D00         MOV     R5,#0x0
   \   0000CC   7A..         MOV     R2,#`?<Constant "\\n">` & 0xff
   \   0000CE   7B..         MOV     R3,#(`?<Constant "\\n">` >> 8) & 0xff
   \   0000D0   7900         MOV     R1,#0x0
   \   0000D2   12....       LCALL   ??HalUARTWrite?relay
    518          
    519          
    520              P0DIR &= ~(0x10);
   \   0000D5   53FDEF       ANL     0xfd,#0xef
    521              P0 &= ~(0x1<<4);
   \   0000D8   C284         CLR     0x80.4
    522          }
   \   0000DA   7410         MOV     A,#0x10
   \   0000DC   12....       LCALL   ?DEALLOC_XSTACK8
   \   0000DF   02....       LJMP    ?Subroutine0 & 0xFFFF
   \   0000E2                REQUIRE P0DIR
   \   0000E2                REQUIRE P1DIR
   \   0000E2                REQUIRE _A_P0
   \   0000E2                REQUIRE _A_P1

   \                                 In  segment BANKED_CODE, align 1, keep-with-next
   \                     ?Subroutine9:
   \   000000   E5..         MOV     A,?V0 + 0
   \   000002   25..         ADD     A,?V0 + 2
   \   000004   FA           MOV     R2,A
   \   000005   E5..         MOV     A,?V0 + 1
   \   000007   3400         ADDC    A,#0x0
   \   000009   FB           MOV     R3,A
   \   00000A   22           RET

   \                                 In  segment BANKED_CODE, align 1, keep-with-next
   \                     ?Subroutine8:
   \   000000   F582         MOV     DPL,A
   \   000002   E9           MOV     A,R1
   \   000003   34FF         ADDC    A,#-0x1
   \   000005   F583         MOV     DPH,A
   \   000007   E0           MOVX    A,@DPTR
   \   000008   F590         MOV     0x90,A
   \   00000A                ; Setup parameters for call to function HalUARTWrite
   \   00000A                ; Setup parameters for call to function HalUARTWrite
   \   00000A   7C01         MOV     R4,#0x1
   \   00000C   7D00         MOV     R5,#0x0
   \   00000E   22           RET

   \                                 In  segment BANKED_CODE, align 1, keep-with-next
   \                     ?Subroutine5:
   \   000000   12....       LCALL   ?Subroutine10 & 0xFFFF
   \                     ??CrossCallReturnLabel_19:
   \   000003   7A05         MOV     R2,#0x5
   \   000005   22           RET

   \                                 In  segment BANKED_CODE, align 1, keep-with-next
   \                     ?Subroutine2:
   \   000000   28           ADD     A,R0
   \   000001   F8           MOV     R0,A
   \   000002   E583         MOV     A,DPH
   \   000004   3400         ADDC    A,#0x0
   \   000006   F9           MOV     R1,A
   \   000007   E8           MOV     A,R0
   \   000008   22           RET

   \                                 In  segment BANK_RELAYS, align 1
   \                     ??SampleApp_Init?relay:
   \   000000   12....       LCALL   ?BDISPATCH
   \   000003   ......       DC24    SampleApp_Init

   \                                 In  segment BANK_RELAYS, align 1
   \                     ??SampleApp_ProcessEvent?relay:
   \   000000   12....       LCALL   ?BDISPATCH
   \   000003   ......       DC24    SampleApp_ProcessEvent

   \                                 In  segment BANK_RELAYS, align 1
   \                     ??SampleApp_HandleKeys?relay:
   \   000000   12....       LCALL   ?BDISPATCH
   \   000003   ......       DC24    SampleApp_HandleKeys

   \                                 In  segment BANK_RELAYS, align 1
   \                     ??SampleApp_MessageMSGCB?relay:
   \   000000   12....       LCALL   ?BDISPATCH
   \   000003   ......       DC24    SampleApp_MessageMSGCB

   \                                 In  segment BANK_RELAYS, align 1
   \                     ??SampleApp_SendPeriodicMessage?relay:
   \   000000   12....       LCALL   ?BDISPATCH
   \   000003   ......       DC24    SampleApp_SendPeriodicMessage

   \                                 In  segment BANK_RELAYS, align 1
   \                     ??SampleApp_SendFlashMessage?relay:
   \   000000   12....       LCALL   ?BDISPATCH
   \   000003   ......       DC24    SampleApp_SendFlashMessage

   \                                 In  segment BANK_RELAYS, align 1
   \                     ??SampleApp_SerialCMD?relay:
   \   000000   12....       LCALL   ?BDISPATCH
   \   000003   ......       DC24    SampleApp_SerialCMD

   \                                 In  segment XDATA_ROM_C, align 1
   \                     `?<Constant "Hello Wrold!\\n">`:
   \   000000   48656C6C     DB "Hello Wrold!\012"
   \            6F205772
   \            6F6C6421
   \            0A00    

   \                                 In  segment XDATA_ROM_C, align 1
   \                     `?<Constant "Group 1">`:
   \   000000   47726F75     DB "Group 1"
   \            70203100

   \                                 In  segment XDATA_ROM_C, align 1
   \                     `?<Constant {192, 249, 164, 176, 153, 146, 130,`:
   \   000000   C0           DB 192
   \   000001   F9           DB 249
   \   000002   A4           DB 164
   \   000003   B0           DB 176
   \   000004   99           DB 153
   \   000005   92           DB 146
   \   000006   82           DB 130
   \   000007   F8           DB 248
   \   000008   80           DB 128
   \   000009   90           DB 144
   \   00000A   88           DB 136
   \   00000B   83           DB 131
   \   00000C   C6           DB 198
   \   00000D   A1           DB 161
   \   00000E   86           DB 134
   \   00000F   8E           DB 142

   \                                 In  segment XDATA_ROM_C, align 1
   \                     `?<Constant "error\\n">`:
   \   000000   6572726F     DB "error\012"
   \            720A00  

   \                                 In  segment XDATA_ROM_C, align 1
   \                     `?<Constant {192, 249, 164, 176, 153, 146, 130,_1`:
   \   000000   C0           DB 192
   \   000001   F9           DB 249
   \   000002   A4           DB 164
   \   000003   B0           DB 176
   \   000004   99           DB 153
   \   000005   92           DB 146
   \   000006   82           DB 130
   \   000007   F8           DB 248
   \   000008   80           DB 128
   \   000009   90           DB 144
   \   00000A   88           DB 136
   \   00000B   83           DB 131
   \   00000C   C6           DB 198
   \   00000D   A1           DB 161
   \   00000E   86           DB 134
   \   00000F   8E           DB 142

   \                                 In  segment XDATA_ROM_C, align 1
   \                     `?<Constant "error">`:
   \   000000   6572726F     DB "error"
   \            7200    

   \                                 In  segment XDATA_ROM_C, align 1
   \                     `?<Constant "\\n">`:
   \   000000   0A00         DB "\012"
    523          
    524          /*********************************************************************
    525          *********************************************************************/

   Maximum stack usage in bytes:

     Function                       ISTACK PSTACK XSTACK
     --------                       ------ ------ ------
     SampleApp_HandleKeys               2      0     38
       -> SampleApp_SendFlashMessage
                                        0      0     52
       -> aps_FindGroup                 0      0     52
       -> aps_RemoveGroup               0      0     52
       -> aps_AddGroup                  0      0     52
       -> HalLedSet                     0      0     52
       -> HalLedBlink                   0      0     52
       -> HalLedSet                     0      0     52
       -> HalLedBlink                   0      0     52
     SampleApp_Init                     0      0     14
       -> MT_UartInit                   0      0     22
       -> MT_UartRegisterTaskID         0      0     22
       -> HalUARTWrite                  0      0     22
       -> afRegister                    0      0     22
       -> RegisterForKeys               0      0     22
       -> osal_memcpy                   0      0     28
       -> aps_AddGroup                  0      0     22
     SampleApp_MessageMSGCB             0      0     22
       -> HalLedSet                     0      0     20
       -> HalLedSet                     0      0     20
       -> HalUARTWrite                  0      0     20
       -> HalLedBlink                   0      0     20
     SampleApp_ProcessEvent             0      0     12
       -> osal_msg_receive              0      0     24
       -> SampleApp_SerialCMD           0      0     24
       -> osal_msg_deallocate           0      0     24
       -> osal_msg_receive              0      0     24
       -> SampleApp_HandleKeys          0      0     24
       -> SampleApp_MessageMSGCB        0      0     24
       -> SampleApp_SendPeriodicMessage
                                        0      0     24
       -> osal_rand                     0      0     24
       -> osal_start_timerEx            0      0     24
       -> HalLedBlink                   0      0     24
       -> osal_start_timerEx            0      0     24
       -> HalLedBlink                   0      0     24
     SampleApp_SendFlashMessage         1      0     48
       -> AF_DataRequest                0      0     44
     SampleApp_SendPeriodicMessage      0      0     31
       -> AF_DataRequest                0      0     38
     SampleApp_SerialCMD                2      0     40
       -> HalUARTWrite                  0      0     56
       -> HalUARTWrite                  0      0     56
       -> HalLedSet                     0      0     56
       -> HalLedBlink                   0      0     56
       -> HalUARTWrite                  0      0     56
       -> HalLedSet                     0      0     56
       -> HalLedBlink                   0      0     56
       -> HalUARTWrite                  0      0     56


   Segment part sizes:

     Function/Label                                   Bytes
     --------------                                   -----
     _A_P0                                               1
     _A_P1                                               1
     P0DIR                                               1
     P1DIR                                               1
     SampleApp_ClusterList                               4
     SampleApp_SimpleDesc                               12
     SampleApp_epDesc                                    6
     SampleApp_TaskID                                    1
     SampleApp_NwkState                                  1
     SampleApp_TransID                                   1
     SampleApp_Periodic_DstAddr                         12
     SampleApp_Flash_DstAddr                            12
     SampleApp_Group                                    18
     SampleAppPeriodicCounter                            1
     SampleAppFlashCounter                               1
     SampleApp_Init                                    172
     SampleApp_ProcessEvent                            219
     ?Subroutine0                                        5
     SampleApp_HandleKeys                              168
     ?Subroutine4                                        6
     ?Subroutine1                                        3
     ??Subroutine12_0                                    5
     ?Subroutine6                                        9
     ?Subroutine10                                      10
     ?Subroutine3                                       11
     KEYVALUE                                            1
     SampleApp_MessageMSGCB                            139
     ?Subroutine7                                        8
     ?Subroutine11                                      11
     SampleApp_SendPeriodicMessage                      68
     SampleApp_SendFlashMessage                        115
     SampleApp_SerialCMD                               226
     ?Subroutine9                                       11
     ?Subroutine8                                       15
     ?Subroutine5                                        6
     ?Subroutine2                                        9
     ??SampleApp_Init?relay                              6
     ??SampleApp_ProcessEvent?relay                      6
     ??SampleApp_HandleKeys?relay                        6
     ??SampleApp_MessageMSGCB?relay                      6
     ??SampleApp_SendPeriodicMessage?relay               6
     ??SampleApp_SendFlashMessage?relay                  6
     ??SampleApp_SerialCMD?relay                         6
     ?<Constant "Hello Wrold!\n">                       14
     ?<Constant "Group 1">                               8
     ?<Constant {192, 249, 164, 176, 153, 146, 130,     16
     ?<Constant "error\n">                               7
     ?<Constant {192, 249, 164, 176, 153, 146, 130,_1   16
     ?<Constant "error">                                 6
     ?<Constant "\n">                                    2

 
 1 216 bytes in segment BANKED_CODE
    42 bytes in segment BANK_RELAYS
     4 bytes in segment SFR_AN
    85 bytes in segment XDATA_ROM_C
    54 bytes in segment XDATA_Z
 
 1 258 bytes of CODE  memory
    85 bytes of CONST memory
     0 bytes of DATA  memory (+ 4 bytes shared)
    54 bytes of XDATA memory

Errors: none
Warnings: 1
